[mindsetproduction.com.br/index.html]
[mindsetproduction.com.br/wp-content/plugins/w3-total-cache/pub/js/lazyload.min.js]
[backblue.gif]
[fade.gif]
[index.html]
[mindsetproduction.com.br/wp-content/themes/twentytwentytwo/style4963.css]
[mindsetproduction.com.br/feed/index.html]
[mindsetproduction.com.br/wp-content/plugins/elementor/assets/lib/eicons/css/elementor-icons.min7816.css]
[mindsetproduction.com.br/comments/feed/index.html]
[mindsetproduction.com.br/wp-content/plugins/elementor/assets/css/frontend-lite.min3ab2.css]
[mindsetproduction.com.br/wp-content/uploads/elementor/css/post-51158.css]
[mindsetproduction.com.br/wp-content/uploads/elementor/css/globalc711.css]
[mindsetproduction.com.br/wp-content/uploads/elementor/css/post-68644.css]
[mindsetproduction.com.br/wp-content/plugins/elementor/assets/lib/font-awesome/css/fontawesome.min52d5.css]
[mindsetproduction.com.br/wp-content/plugins/elementor/assets/lib/font-awesome/css/solid.min52d5.css]
[mindsetproduction.com.br/wp-content/plugins/elementor/assets/lib/font-awesome/css/brands.min52d5.css]
[mindsetproduction.com.br/wp-json/index.html]
[mindsetproduction.com.br/wp-includes/wlwmanifest.xml]
[mindsetproduction.com.br/wp-json/oembed/1.0/embedcab5.json]
[mindsetproduction.com.br/wp-json/wp/v2/pages/6.json]
[mindsetproduction.com.br/wp-json/oembed/1.0/embedea0c]
[connect.facebook.net/en_US/fbevents.js]
[mindsetproduction.com.br/wp-content/plugins/elementor/assets/css/widget-icon-list.min.css]
[mindsetproduction.com.br/wp-content/plugins/elementor/assets/lib/animations/animations.min3ab2.css]
[mindsetproduction.com.br/wp-content/plugins/elementor/assets/js/webpack.runtime.min3ab2.js]
[mindsetproduction.com.br/politicadeprivacidade/index.html]
[mindsetproduction.com.br/termosdeuso/index.html]
[mindsetproduction.com.br/wp-includes/js/jquery/jquery-migrate.mind617.js]
[mindsetproduction.com.br/wp-content/plugins/elementor/assets/js/frontend-modules.min3ab2.js]
[mindsetproduction.com.br/wp-content/plugins/elementor/assets/lib/waypoints/waypoints.min05da.js]
[mindsetproduction.com.br/wp-includes/js/jquery/ui/core.min0028.js]
[mindsetproduction.com.br/wp-content/plugins/elementor/assets/js/frontend.min3ab2.js]
[mindsetproduction.com.br/index.html]
[mindsetproduction.com.br/wp-content/plugins/w3-total-cache/pub/js/lazyload.min.js]
[mindsetproduction.com.br/wp-content/themes/twentytwentytwo/style4963.css]
[mindsetproduction.com.br/wp-content/themes/twentytwentytwo/assets/fonts/SourceSerif4Variable-Italic.ttf.woff2]
[mindsetproduction.com.br/wp-content/themes/twentytwentytwo/assets/fonts/SourceSerif4Variable-Roman.ttf.woff2]
[mindsetproduction.com.br/wp-content/plugins/elementor/assets/lib/eicons/fonts/eicons5519.svg]
[mindsetproduction.com.br/wp-content/plugins/elementor/assets/lib/eicons/css/elementor-icons.min7816.css]
[mindsetproduction.com.br/wp-content/plugins/elementor/assets/css/frontend-lite.min3ab2.css]
[mindsetproduction.com.br/wp-content/uploads/elementor/css/post-51158.css]
[mindsetproduction.com.br/wp-content/uploads/elementor/css/globalc711.css]
[mindsetproduction.com.br/wp-content/uploads/elementor/css/post-68644.css]
[mindsetproduction.com.br/wp-content/plugins/elementor/assets/lib/font-awesome/css/fontawesome.min52d5.css]
[mindsetproduction.com.br/wp-content/plugins/elementor/assets/lib/eicons/fonts/eicons5519.woff2]
[mindsetproduction.com.br/wp-content/plugins/elementor/assets/lib/eicons/fonts/eicons5519.woff]
[mindsetproduction.com.br/wp-content/plugins/elementor/assets/lib/eicons/fonts/eicons5519.ttf]
[mindsetproduction.com.br/wp-content/plugins/elementor/assets/lib/font-awesome/webfonts/fa-solid-900d41d.eot]
[mindsetproduction.com.br/wp-content/plugins/elementor/assets/lib/font-awesome/webfonts/fa-solid-900.woff2]
[mindsetproduction.com.br/wp-content/plugins/elementor/assets/lib/font-awesome/webfonts/fa-solid-900.woff]
[mindsetproduction.com.br/wp-content/plugins/elementor/assets/lib/font-awesome/css/solid.min52d5.css]
[mindsetproduction.com.br/wp-content/plugins/elementor/assets/lib/font-awesome/webfonts/fa-solid-900.svg]
[mindsetproduction.com.br/wp-content/plugins/elementor/assets/lib/font-awesome/webfonts/fa-solid-900.ttf]
[mindsetproduction.com.br/wp-content/plugins/elementor/assets/lib/font-awesome/webfonts/fa-brands-400.eot]
[mindsetproduction.com.br/wp-content/plugins/elementor/assets/lib/font-awesome/webfonts/fa-brands-400.woff2]
[mindsetproduction.com.br/wp-content/plugins/elementor/assets/lib/font-awesome/webfonts/fa-brands-400d41d.eot]
[mindsetproduction.com.br/wp-content/plugins/elementor/assets/lib/font-awesome/css/brands.min52d5.css]
[mindsetproduction.com.br/xmlrpc0db0.html]
[mindsetproduction.com.br/wp-content/plugins/elementor/assets/lib/font-awesome/webfonts/fa-brands-400.svg]
[mindsetproduction.com.br/wp-content/plugins/elementor/assets/lib/font-awesome/webfonts/fa-brands-400.woff]
[mindsetproduction.com.br/c.2b.delayed]
[mindsetproduction.com.br/wp-content/plugins/elementor/assets/lib/font-awesome/webfonts/fa-brands-400.ttf]
[mindsetproduction.com.br/b]
[mindsetproduction.com.br/POST]
[connect.facebook.net/en_US/fbevents.js]
[mindsetproduction.com.br/wp-content/plugins/elementor/assets/css/widget-icon-list.min.css]
[mindsetproduction.com.br/politicadeprivacidade/index.html]
[mindsetproduction.com.br/termosdeuso/index.html]
[mindsetproduction.com.br/wp-content/plugins/elementor/assets/lib/animations/animations.min3ab2.css]
[mindsetproduction.com.br/wp-content/plugins/elementor/assets/js/webpack.runtime.min3ab2.js]
[mindsetproduction.com.br/wp-includes/js/jquery/jquery.minaf6c.html]
[mindsetproduction.com.br/wp-includes/js/jquery/jquery-migrate.mind617.js]
[mindsetproduction.com.br/wp-content/plugins/elementor/assets/js/frontend-modules.min3ab2.js]
[mindsetproduction.com.br/wp-content/plugins/elementor/assets/lib/waypoints/waypoints.min05da.js]
[mindsetproduction.com.br/wp-includes/js/jquery/ui/core.min0028.js]
[mindsetproduction.com.br/wp-content/plugins/elementor/assets/js/frontend.min3ab2.js]
[mindsetproduction.com.br/wp-content/plugins/elementor/assets/lib/eicons/fonts/eicons5519.html]
[mindsetproduction.com.br/wp-content/plugins/elementor/assets/lib/eicons/fonts/eicons5519.svg]
[mindsetproduction.com.br/wp-content/plugins/elementor/assets/lib/font-awesome/webfonts/fa-solid-900.html]
[mindsetproduction.com.br/OPR/index.html]
[mindsetproduction.com.br/wp-content/plugins/elementor/assets/lib/font-awesome/webfonts/fa-solid-900.svg]
[mindsetproduction.com.br/wp-content/plugins/elementor/assets/lib/font-awesome/webfonts/fa-brands-400.svg]
[mindsetproduction.com.br/c.html]
[mindsetproduction.com.br/b.html]
[mindsetproduction.com.br/POST.html]
[mindsetproduction.com.br/-negative.html]
[mindsetproduction.com.br/OPR/index.html]
